THIS FILE CONTAINS THE METADATA ABOUT SYSTEM AND RUNTIME


-------System Info-------
Operating System Name: Darwin
Nodename: Marcos-MacBook-Pro-2.local
Release: 24.6.0
Version: Darwin Kernel Version 24.6.0: Mon Jan 19 22:01:58 PST 2026; root:xnu-11417.140.69.708.3~1/RELEASE_ARM64_T6041

-------Python and Package Versions------- 
Python Version: 3.11.13
SigProfilerMatrixGenerator Version: 1.3.6
SigProfilerPlotting version: 1.4.2
matplotlib version: 3.10.6
statsmodels version: 0.14.5
scipy version: 1.16.2
pandas version: 2.3.2
numpy version: 2.3.2

-------Vital Parameters Used for the execution -------
Project: Cohort_PBMCs
Genome: GRCh38
Input File Path: input_PBMCs/
exome: True
bed_file: None
chrom_based: False
plot: False
tsb_stat: False
seqInfo: False

-------Date and Time Data------- 
Date and Clock time when the execution started: 2026-04-29 16:41:48.330701


-------Runtime Checkpoints------- 
There appears to be a duplicate single base substitution. Skipping this mutation: 1 94113066 T A
There appears to be a duplicate single base substitution. Skipping this mutation: 9 35658023 C T
There appears to be a duplicate single base substitution. Skipping this mutation: 18 59432955 G T
There appears to be a duplicate single base substitution. Skipping this mutation: 18 59432955 G T
There appears to be a duplicate single base substitution. Skipping this mutation: 18 59432955 G T
There appears to be a duplicate single base substitution. Skipping this mutation: 16 15708838 C T
There appears to be a duplicate single base substitution. Skipping this mutation: 18 59432955 G T
There appears to be a duplicate single base substitution. Skipping this mutation: 4 69097442 A C
There appears to be a duplicate single base substitution. Skipping this mutation: 7 16089315 C T
There appears to be a duplicate single base substitution. Skipping this mutation: 12 57766199 T G
There appears to be a duplicate single base substitution. Skipping this mutation: 7 148415792 C A
There appears to be a duplicate single base substitution. Skipping this mutation: 19 7114738 C T
There appears to be a duplicate single base substitution. Skipping this mutation: 1 161340644 C A
There appears to be a duplicate single base substitution. Skipping this mutation: 18 59432955 G T
Chromosome 18 done
Chromosome 19 done
Chromosome 9 done
Chromosome 8 done
Chromosome 7 done
Chromosome 11 done
Chromosome MT done
Chromosome 10 done
Chromosome 6 done
Chromosome 13 done
Chromosome 5 done
Chromosome 4 done
Chromosome 12 done
Chromosome 14 done
Chromosome 2 done
Chromosome 3 done
Chromosome 15 done
Chromosome 16 done
Chromosome 17 done
Chromosome 1 done
Chromosome 22 done
Chromosome 20 done
Chromosome 21 done
Chromosome X done
Chromosome Y done
